Configuration file: C:/Users/yuyin vhiluna/Downloads/xit/_config.yml
            Source: C:/Users/yuyin vhiluna/Downloads/xit
       Destination: C:/Users/yuyin vhiluna/Downloads/xit/_site
 Incremental build: disabled. Enable with --incremental
      Generating... 
       Jekyll Feed: Generating feed for posts
       Jekyll Feed: Generating feed for posts
                    done in 1.109 seconds.
 Auto-regeneration: enabled for 'C:/Users/yuyin vhiluna/Downloads/xit'
    Server address: http://127.0.0.1:4000
  Server running... press ctrl-c to stop.
[2026-09-13 02:08:57] ERROR '/.well-known/appspecific/com.chrome.devtools.json' not found.
      Regenerating: 1 file(s) changed at 2026-09-13 02:08:58
                    serve.log
       Jekyll Feed: Generating feed for posts
       Jekyll Feed: Generating feed for posts
                    ...done in 0.648926 seconds.
                    
      Regenerating: 2 file(s) changed at 2026-09-13 02:08:59
                    serve.err.log
                    serve.log
       Jekyll Feed: Generating feed for posts
       Jekyll Feed: Generating feed for posts
                    ...done in 0.5874555 seconds.
                    
[2026-09-13 02:09:00] ERROR '/.well-known/appspecific/com.chrome.devtools.json' not found.
      Regenerating: 2 file(s) changed at 2026-09-13 02:09:00
                    serve.err.log
                    serve.log
       Jekyll Feed: Generating feed for posts
       Jekyll Feed: Generating feed for posts
                    ...done in 0.6919997 seconds.
                    
      Regenerating: 2 file(s) changed at 2026-09-13 02:09:01
                    serve.err.log
                    serve.log
       Jekyll Feed: Generating feed for posts
       Jekyll Feed: Generating feed for posts
                    ...done in 0.6688612 seconds.
                    
[2026-09-13 02:09:02] ERROR '/.well-known/appspecific/com.chrome.devtools.json' not found.
      Regenerating: 2 file(s) changed at 2026-09-13 02:09:02
                    serve.err.log
                    serve.log
       Jekyll Feed: Generating feed for posts
       Jekyll Feed: Generating feed for posts
                    ...done in 0.5125101 seconds.
                    
      Regenerating: 2 file(s) changed at 2026-09-13 02:09:03
                    serve.err.log
                    serve.log
       Jekyll Feed: Generating feed for posts
       Jekyll Feed: Generating feed for posts
                    ...done in 0.5861457 seconds.
                    
      Regenerating: 2 file(s) changed at 2026-09-13 02:09:04
                    serve.err.log
                    serve.log
       Jekyll Feed: Generating feed for posts
       Jekyll Feed: Generating feed for posts
                    ...done in 0.3864152 seconds.
                    
      Regenerating: 2 file(s) changed at 2026-09-13 02:09:05
                    serve.err.log
                    serve.log
       Jekyll Feed: Generating feed for posts
       Jekyll Feed: Generating feed for posts
                    ...done in 0.3055429 seconds.
                    
      Regenerating: 2 file(s) changed at 2026-09-13 02:09:06
                    serve.err.log
                    serve.log
       Jekyll Feed: Generating feed for posts
       Jekyll Feed: Generating feed for posts
                    ...done in 0.2771255 seconds.
                    
      Regenerating: 2 file(s) changed at 2026-09-13 02:09:07
                    serve.err.log
                    serve.log
       Jekyll Feed: Generating feed for posts
       Jekyll Feed: Generating feed for posts
                    ...done in 0.2956012 seconds.
                    
      Regenerating: 2 file(s) changed at 2026-09-13 02:09:08
                    serve.err.log
                    serve.log
       Jekyll Feed: Generating feed for posts
       Jekyll Feed: Generating feed for posts
                    ...done in 0.3524477 seconds.
                    
      Regenerating: 2 file(s) changed at 2026-09-13 02:09:09
                    serve.err.log
                    serve.log
       Jekyll Feed: Generating feed for posts
       Jekyll Feed: Generating feed for posts
                    ...done in 0.3184266 seconds.
                    
      Regenerating: 2 file(s) changed at 2026-09-13 02:09:10
                    serve.err.log
                    serve.log
       Jekyll Feed: Generating feed for posts
       Jekyll Feed: Generating feed for posts
                    ...done in 0.6782616 seconds.
                    
      Regenerating: 2 file(s) changed at 2026-09-13 02:09:11
                    serve.err.log
                    serve.log
       Jekyll Feed: Generating feed for posts
[2026-09-13 02:09:12] ERROR '/.well-known/appspecific/com.chrome.devtools.json' not found.
       Jekyll Feed: Generating feed for posts
[2026-09-13 02:09:13] ERROR '/.well-known/appspecific/com.chrome.devtools.json' not found.
                    ...done in 1.8088044 seconds.
                    
      Regenerating: 2 file(s) changed at 2026-09-13 02:09:13
                    serve.err.log
                    serve.log
       Jekyll Feed: Generating feed for posts
[2026-09-13 02:09:14] ERROR '/.well-known/appspecific/com.chrome.devtools.json' not found.
       Jekyll Feed: Generating feed for posts
[2026-09-13 02:09:15] ERROR '/.well-known/appspecific/com.chrome.devtools.json' not found.
                    ...done in 1.837579 seconds.
                    
      Regenerating: 2 file(s) changed at 2026-09-13 02:09:15
                    serve.log
                    serve.err.log
       Jekyll Feed: Generating feed for posts
[2026-09-13 02:09:16] ERROR '/.well-known/appspecific/com.chrome.devtools.json' not found.
       Jekyll Feed: Generating feed for posts
                    ...done in 1.7904297 seconds.
                    
      Regenerating: 2 file(s) changed at 2026-09-13 02:09:17
                    serve.log
                    serve.err.log
       Jekyll Feed: Generating feed for posts
       Jekyll Feed: Generating feed for posts
                    ...done in 1.7340032 seconds.
                    
      Regenerating: 2 file(s) changed at 2026-09-13 02:09:19
                    serve.log
                    serve.err.log
       Jekyll Feed: Generating feed for posts
       Jekyll Feed: Generating feed for posts
                    ...done in 1.8262024 seconds.
                    
      Regenerating: 2 file(s) changed at 2026-09-13 02:09:20
                    serve.err.log
                    serve.log
       Jekyll Feed: Generating feed for posts
       Jekyll Feed: Generating feed for posts
[2026-09-13 02:09:22] ERROR '/.well-known/appspecific/com.chrome.devtools.json' not found.
                    ...done in 1.8487931 seconds.
                    
      Regenerating: 2 file(s) changed at 2026-09-13 02:09:22
                    serve.err.log
                    serve.log
       Jekyll Feed: Generating feed for posts
       Jekyll Feed: Generating feed for posts
                    ...done in 1.6505518 seconds.
                    
[2026-09-13 02:09:24] ERROR '/.well-known/appspecific/com.chrome.devtools.json' not found.
      Regenerating: 2 file(s) changed at 2026-09-13 02:09:24
                    serve.err.log
                    serve.log
       Jekyll Feed: Generating feed for posts
       Jekyll Feed: Generating feed for posts
                    ...done in 1.6789042 seconds.
                    
      Regenerating: 2 file(s) changed at 2026-09-13 02:09:26
                    serve.log
                    serve.err.log
       Jekyll Feed: Generating feed for posts
       Jekyll Feed: Generating feed for posts
                    ...done in 1.7970304 seconds.
                    
      Regenerating: 2 file(s) changed at 2026-09-13 02:09:28
                    serve.log
                    serve.err.log
       Jekyll Feed: Generating feed for posts
       Jekyll Feed: Generating feed for posts
                    ...done in 1.8678798 seconds.
                    
      Regenerating: 2 file(s) changed at 2026-09-13 02:09:30
                    serve.err.log
                    serve.log
       Jekyll Feed: Generating feed for posts
       Jekyll Feed: Generating feed for posts
[2026-09-13 02:09:31] ERROR '/.well-known/appspecific/com.chrome.devtools.json' not found.
                    ...done in 1.9564154 seconds.
                    
      Regenerating: 2 file(s) changed at 2026-09-13 02:09:32
                    serve.err.log
                    serve.log
       Jekyll Feed: Generating feed for posts
       Jekyll Feed: Generating feed for posts
                    ...done in 1.7916299 seconds.
                    
      Regenerating: 2 file(s) changed at 2026-09-13 02:09:34
                    serve.err.log
                    serve.log
       Jekyll Feed: Generating feed for posts
       Jekyll Feed: Generating feed for posts
                    ...done in 1.3271397 seconds.
                    
      Regenerating: 2 file(s) changed at 2026-09-13 02:09:35
                    serve.err.log
                    serve.log
       Jekyll Feed: Generating feed for posts
       Jekyll Feed: Generating feed for posts
                    ...done in 0.3009243 seconds.
                    
      Regenerating: 2 file(s) changed at 2026-09-13 02:09:35
                    serve.err.log
                    serve.log
       Jekyll Feed: Generating feed for posts
       Jekyll Feed: Generating feed for posts
                    ...done in 0.3110174 seconds.
                    
      Regenerating: 2 file(s) changed at 2026-09-13 02:09:36
                    serve.err.log
                    serve.log
       Jekyll Feed: Generating feed for posts
       Jekyll Feed: Generating feed for posts
                    ...done in 0.2851728 seconds.
                    
      Regenerating: 2 file(s) changed at 2026-09-13 02:09:37
                    serve.err.log
                    serve.log
       Jekyll Feed: Generating feed for posts
       Jekyll Feed: Generating feed for posts
                    ...done in 0.260936 seconds.
                    
      Regenerating: 2 file(s) changed at 2026-09-13 02:09:38
                    serve.err.log
                    serve.log
       Jekyll Feed: Generating feed for posts
       Jekyll Feed: Generating feed for posts
                    ...done in 0.2722664 seconds.
                    
      Regenerating: 2 file(s) changed at 2026-09-13 02:09:39
                    serve.err.log
                    serve.log
       Jekyll Feed: Generating feed for posts
       Jekyll Feed: Generating feed for posts
                    ...done in 0.2657879 seconds.
                    
      Regenerating: 2 file(s) changed at 2026-09-13 02:09:40
                    serve.err.log
                    serve.log
       Jekyll Feed: Generating feed for posts
       Jekyll Feed: Generating feed for posts
                    ...done in 0.299857 seconds.
                    
      Regenerating: 2 file(s) changed at 2026-09-13 02:09:41
                    serve.err.log
                    serve.log
       Jekyll Feed: Generating feed for posts
       Jekyll Feed: Generating feed for posts
                    ...done in 0.2581342 seconds.
                    
      Regenerating: 2 file(s) changed at 2026-09-13 02:09:42
                    serve.err.log
                    serve.log
       Jekyll Feed: Generating feed for posts
       Jekyll Feed: Generating feed for posts
                    ...done in 0.2715413 seconds.
                    
      Regenerating: 2 file(s) changed at 2026-09-13 02:09:44
                    serve.err.log
                    serve.log
       Jekyll Feed: Generating feed for posts
       Jekyll Feed: Generating feed for posts
                    ...done in 0.2556666 seconds.
                    
      Regenerating: 2 file(s) changed at 2026-09-13 02:09:45
                    serve.err.log
                    serve.log
       Jekyll Feed: Generating feed for posts
       Jekyll Feed: Generating feed for posts
                    ...done in 0.314561 seconds.
                    
      Regenerating: 2 file(s) changed at 2026-09-13 02:09:46
                    serve.err.log
                    serve.log
       Jekyll Feed: Generating feed for posts
       Jekyll Feed: Generating feed for posts
                    ...done in 0.2731966 seconds.
                    
      Regenerating: 2 file(s) changed at 2026-09-13 02:09:47
                    serve.err.log
                    serve.log
       Jekyll Feed: Generating feed for posts
       Jekyll Feed: Generating feed for posts
                    ...done in 0.3689314 seconds.
                    
      Regenerating: 2 file(s) changed at 2026-09-13 02:09:48
                    serve.err.log
                    serve.log
       Jekyll Feed: Generating feed for posts
       Jekyll Feed: Generating feed for posts
                    ...done in 0.3785862 seconds.
                    
